// Jest Snapshot v1, https://goo.gl/fbAQLP

exports[`Test Button component should render Button 1`] = `
<View
  accessible={true}
  focusable={true}
  onClick={[Function]}
  onResponderGrant={[Function]}
  onResponderMove={[Function]}
  onResponderRelease={[Function]}
  onResponderTerminate={[Function]}
  onResponderTerminationRequest={[Function]}
  onStartShouldSetResponder={[Function]}
  style={
    Object {
      "alignItems": "center",
      "backgroundColor": "#1FC4DB",
      "borderRadius": 6,
      "justifyContent": "center",
      "maxWidth": 344,
      "minHeight": 42,
      "opacity": 1,
      "paddingHorizontal": 16,
      "paddingVertical": 8,
      "width": "100%",
    }
  }
>
  <Text
    style={
      Array [
        Object {
          "color": "#0A132C",
          "fontSize": 14,
          "fontWeight": "400",
        },
        Object {
          "textAlign": undefined,
        },
        Array [
          Object {
            "color": "white",
            "fontSize": 16,
            "fontWeight": "500",
          },
          undefined,
        ],
      ]
    }
  >
    Test button
  </Text>
</View>
`;
